C51 COMPILER V9.02   MAIN                                                                  01/06/2018 16:05:12 PAGE 1   


C51 COMPILER V9.02, COMPILATION OF MODULE MAIN
OBJECT MODULE PLACED IN main.obj
COMPILER INVOKED BY: C:\Keil\C51\BIN\C51.EXE source\main.c BROWSE DEBUG OBJECTEXTEND PRINT(.\main.lst) OBJECT(main.obj)

line level    source

   1          #define _UART_C
   2          #define _MCP2515_C
   3          #include"./include/UART.h"
   4          #include"./include/MCP2515.h"
   5          #include"./include/config.h"
   6          
   7          static unsigned char PC_Cmd[10];//PC机发给MCU的命令
   8          static unsigned char CAN_Cmd[10];//MCU从CAN总线读回的命令
   9          static code unsigned  char err1[] = "faile write to MCP2515_1\r\n";
  10          static code unsigned  char err2[] = "faile read from MCP2515_2\r\n";
  11          static code unsigned  char err3[] = "no recieve cmd";
  12          static code unsigned  char msg1[] = "\r\nys# ";
  13          static code unsigned  char msg2[] = "unknow cmd";
  14          bit CAN_Flag = 0;
  15          /*
  16          *1.函数名：EXTI1_init
  17          *2.描述：配置外部中断1
  18          *3.输入：无
  19          *4.输出：无
  20          *5.说明：
  21          */
  22          void EXTI1_init()
  23          {
  24   1               IT1 = 1;//触发方式为下降沿触发
  25   1               EX1 = 1;
  26   1               EA = 1;
  27   1      }
  28          
  29          /*
  30          *1. 函数名：main
  31          *2. 描述：实现程序的主流程
  32          *3. 输入：无
  33          *4. 输出：无
  34          *5. 返回值：无
  35          *6. 说明：调用各个初始化函数，主循环中实现从PC机获取数据，发给MCP2515_1, 
  36          *   再从MCP2515_2获取数据，发给PC机，PC机传给MCU的命令以'#'结束，不计入
  37          *   命令长度，也不在CAN总线上传输。
  38          */
  39          
  40          void main()
  41          {
  42   1          unsigned char CmdLen=0;
  43   1              Uart_Init(); //初始化完串口，就可以和PC机通信
  44   1              EXTI1_init();
  45   1              MCP2515_Init(1);
  46   1              MCP2515_Init(2);
  47   1              while(1)
  48   1              {
  49   2                  UART_Send_Promt(msg1);//提示用户输入命令，命令以'#'结束
  50   2                      CmdLen = UART_Recv_CMD(PC_Cmd);//从UART缓冲区机获取命令 
  51   2                      /*没从缓冲区读到命令,向PC机报告错误*/
  52   2                      if(CmdLen<1)
  53   2                      {
  54   3                          UART_Send_Data(err3,sizeof(err3));  
  55   3                              continue;
C51 COMPILER V9.02   MAIN                                                                  01/06/2018 16:05:12 PAGE 2   

  56   3                      }
  57   2                      //UART_Send_Data(msg2,sizeof(msg2));
  58   2                      if(MCP2515_Sender(PC_Cmd,1)<1)//向MCP2515_1写数据
  59   2                      {
  60   3                           UART_Send_Data(err1,sizeof(err1)); //向PC机报告错误
  61   3                               continue;
  62   3                      }
  63   2                      /*等待接收到CAN总线的数据才退出*/
  64   2                      while(1)
  65   2                      {
  66   3                         if(CAN_Flag)
  67   3                         {
  68   4                                  CAN_Flag = 0;
  69   4                                      if(MCP2515_Recver(CAN_Cmd,2)<1)//读取MCP2515_2的数据
  70   4                                      {
  71   5                                          UART_Send_Data(err2,sizeof(err2));//读取失败，发送错误回PC
  72   5                                              break;
  73   5                                      }
  74   4                                      else
  75   4                                      {
  76   5                                           UART_Send_Data("CANcmd:",sizeof(CAN_Cmd));
  77   5                                               UART_Send_Data(CAN_Cmd,sizeof(CAN_Cmd));//把从CAN总线读取的命令送回PC
  78   5                                               break;
  79   5                                      }
  80   4      
  81   4                         }
  82   3                      }
  83   2                      
  84   2              }
  85   1      }
  86          
  87          /*MCP2515_2发出接受中断*/
  88          void EXIT1_Inetrrupt()  interrupt 2
  89          {
  90   1                CAN_Flag = 1;
  91   1      }
  92          
  93          
  94          
  95          
  96          
  97          


MODULE INFORMATION:   STATIC OVERLAYABLE
   CODE SIZE        =    152    ----
   CONSTANT SIZE    =     96    ----
   XDATA SIZE       =   ----    ----
   PDATA SIZE       =   ----    ----
   DATA SIZE        =     20       1
   IDATA SIZE       =   ----    ----
   BIT SIZE         =      1    ----
END OF MODULE INFORMATION.


C51 COMPILATION COMPLETE.  0 WARNING(S),  0 ERROR(S)
